###############################################################################
#
# IAR ELF Linker V7.40.1.8447/W32 for ARM                 15/Aug/2016  14:44:51
# Copyright 2007-2015 IAR Systems AB.
#
#    Output file  =  
#        D:\Dropbox\Dimmer\Dimmer_WL\RF_Firmware\Sensor\CortexM0+NrF905\EWARM\CortexM0+NrF905
#        Configuration\Exe\CortexM0+NrF905 Configuration.out
#    Map file     =  
#        D:\Dropbox\Dimmer\Dimmer_WL\RF_Firmware\Sensor\CortexM0+NrF905\EWARM\CortexM0+NrF905
#        Configuration/List\CortexM0+NrF905 Configuration.map
#    Command line =  
#        "D:\Dropbox\Dimmer\Dimmer_WL\RF_Firmware\Sensor\CortexM0+NrF905\EWARM\CortexM0+NrF905
#        Configuration\Obj\ext_irq.o"
#        "D:\Dropbox\Dimmer\Dimmer_WL\RF_Firmware\Sensor\CortexM0+NrF905\EWARM\CortexM0+NrF905
#        Configuration\Obj\gate_protocol.o"
#        "D:\Dropbox\Dimmer\Dimmer_WL\RF_Firmware\Sensor\CortexM0+NrF905\EWARM\CortexM0+NrF905
#        Configuration\Obj\main.o"
#        "D:\Dropbox\Dimmer\Dimmer_WL\RF_Firmware\Sensor\CortexM0+NrF905\EWARM\CortexM0+NrF905
#        Configuration\Obj\nrf905_driver.o"
#        "D:\Dropbox\Dimmer\Dimmer_WL\RF_Firmware\Sensor\CortexM0+NrF905\EWARM\CortexM0+NrF905
#        Configuration\Obj\rf_protocol.o"
#        "D:\Dropbox\Dimmer\Dimmer_WL\RF_Firmware\Sensor\CortexM0+NrF905\EWARM\CortexM0+NrF905
#        Configuration\Obj\startup_stm32f051x8.o"
#        "D:\Dropbox\Dimmer\Dimmer_WL\RF_Firmware\Sensor\CortexM0+NrF905\EWARM\CortexM0+NrF905
#        Configuration\Obj\stm32f0xx_hal.o"
#        "D:\Dropbox\Dimmer\Dimmer_WL\RF_Firmware\Sensor\CortexM0+NrF905\EWARM\CortexM0+NrF905
#        Configuration\Obj\stm32f0xx_hal_comp.o"
#        "D:\Dropbox\Dimmer\Dimmer_WL\RF_Firmware\Sensor\CortexM0+NrF905\EWARM\CortexM0+NrF905
#        Configuration\Obj\stm32f0xx_hal_cortex.o"
#        "D:\Dropbox\Dimmer\Dimmer_WL\RF_Firmware\Sensor\CortexM0+NrF905\EWARM\CortexM0+NrF905
#        Configuration\Obj\stm32f0xx_hal_dma.o"
#        "D:\Dropbox\Dimmer\Dimmer_WL\RF_Firmware\Sensor\CortexM0+NrF905\EWARM\CortexM0+NrF905
#        Configuration\Obj\stm32f0xx_hal_flash.o"
#        "D:\Dropbox\Dimmer\Dimmer_WL\RF_Firmware\Sensor\CortexM0+NrF905\EWARM\CortexM0+NrF905
#        Configuration\Obj\stm32f0xx_hal_flash_ex.o"
#        "D:\Dropbox\Dimmer\Dimmer_WL\RF_Firmware\Sensor\CortexM0+NrF905\EWARM\CortexM0+NrF905
#        Configuration\Obj\stm32f0xx_hal_gpio.o"
#        "D:\Dropbox\Dimmer\Dimmer_WL\RF_Firmware\Sensor\CortexM0+NrF905\EWARM\CortexM0+NrF905
#        Configuration\Obj\stm32f0xx_hal_msp.o"
#        "D:\Dropbox\Dimmer\Dimmer_WL\RF_Firmware\Sensor\CortexM0+NrF905\EWARM\CortexM0+NrF905
#        Configuration\Obj\stm32f0xx_hal_pwr.o"
#        "D:\Dropbox\Dimmer\Dimmer_WL\RF_Firmware\Sensor\CortexM0+NrF905\EWARM\CortexM0+NrF905
#        Configuration\Obj\stm32f0xx_hal_pwr_ex.o"
#        "D:\Dropbox\Dimmer\Dimmer_WL\RF_Firmware\Sensor\CortexM0+NrF905\EWARM\CortexM0+NrF905
#        Configuration\Obj\stm32f0xx_hal_rcc.o"
#        "D:\Dropbox\Dimmer\Dimmer_WL\RF_Firmware\Sensor\CortexM0+NrF905\EWARM\CortexM0+NrF905
#        Configuration\Obj\stm32f0xx_hal_rcc_ex.o"
#        "D:\Dropbox\Dimmer\Dimmer_WL\RF_Firmware\Sensor\CortexM0+NrF905\EWARM\CortexM0+NrF905
#        Configuration\Obj\stm32f0xx_hal_spi.o"
#        "D:\Dropbox\Dimmer\Dimmer_WL\RF_Firmware\Sensor\CortexM0+NrF905\EWARM\CortexM0+NrF905
#        Configuration\Obj\stm32f0xx_hal_spi_ex.o"
#        "D:\Dropbox\Dimmer\Dimmer_WL\RF_Firmware\Sensor\CortexM0+NrF905\EWARM\CortexM0+NrF905
#        Configuration\Obj\stm32f0xx_hal_tim.o"
#        "D:\Dropbox\Dimmer\Dimmer_WL\RF_Firmware\Sensor\CortexM0+NrF905\EWARM\CortexM0+NrF905
#        Configuration\Obj\stm32f0xx_hal_tim_ex.o"
#        "D:\Dropbox\Dimmer\Dimmer_WL\RF_Firmware\Sensor\CortexM0+NrF905\EWARM\CortexM0+NrF905
#        Configuration\Obj\stm32f0xx_hal_uart.o"
#        "D:\Dropbox\Dimmer\Dimmer_WL\RF_Firmware\Sensor\CortexM0+NrF905\EWARM\CortexM0+NrF905
#        Configuration\Obj\stm32f0xx_hal_uart_ex.o"
#        "D:\Dropbox\Dimmer\Dimmer_WL\RF_Firmware\Sensor\CortexM0+NrF905\EWARM\CortexM0+NrF905
#        Configuration\Obj\stm32f0xx_it.o"
#        "D:\Dropbox\Dimmer\Dimmer_WL\RF_Firmware\Sensor\CortexM0+NrF905\EWARM\CortexM0+NrF905
#        Configuration\Obj\system_stm32f0xx.o" --redirect _Printf=_PrintfFull
#        --redirect _Scanf=_ScanfFull -o
#        "D:\Dropbox\Dimmer\Dimmer_WL\RF_Firmware\Sensor\CortexM0+NrF905\EWARM\CortexM0+NrF905
#        Configuration\Exe\CortexM0+NrF905 Configuration.out" --map
#        "D:\Dropbox\Dimmer\Dimmer_WL\RF_Firmware\Sensor\CortexM0+NrF905\EWARM\CortexM0+NrF905
#        Configuration/List\CortexM0+NrF905 Configuration.map" --config
#        D:\Dropbox\Dimmer\Dimmer_WL\RF_Firmware\Sensor\CortexM0+NrF905\EWARM/stm32f051x8_flash.icf
#        --semihosting --entry __iar_program_start --vfe
#
###############################################################################

*******************************************************************************
*** RUNTIME MODEL ATTRIBUTES
***

CppFlavor                     = *
__Heap_Handler                = Basic
__SystemLibrary               = DLib
__dlib_dynamic_initialization = normal


*******************************************************************************
*** PLACEMENT SUMMARY
***

"A1":  place at 0x08000000 { ro section .intvec };
"P1":  place in [from 0x08000000 to 0x0800ffff] { ro };
"P2":  place in [from 0x20000000 to 0x20001fff] { rw, block CSTACK, block HEAP };

  Section             Kind        Address    Size  Object
  -------             ----        -------    ----  ------
"A1":                                        0xbc
  .intvec             ro code  0x08000000    0xbc  startup_stm32f051x8.o [1]
                             - 0x080000bc    0xbc

"P1":                                      0x4a74
  .text               ro code  0x080000bc  0x12ca  xprintffull.o [3]
  .text               ro code  0x08001386    0x1c  xmbtowc.o [3]
  .text               ro code  0x080013a2    0x14  strchr.o [5]
  .text               ro code  0x080013b6    0x10  strlen.o [5]
  .text               ro code  0x080013c6    0x18  memchr.o [5]
  .text               ro code  0x080013de     0xa  xmbcurmax.o [3]
  .text               ro code  0x080013e8    0xb8  xxmemxmalloc.o [3]
  .text               ro code  0x080014a0    0x18  xwctomb.o [3]
  .text               ro code  0x080014b8    0x5c  ABImemcpy.o [5]
  .text               ro code  0x08001514    0x88  xxmemxfree.o [3]
  .text               ro code  0x0800159c    0x6a  I64DivMod.o [5]
  .text               ro code  0x08001606    0x44  xdnorm.o [4]
  .text               ro code  0x0800164a    0x32  DblCmpLe.o [4]
  .text               ro code  0x0800167c    0x32  DblCmpGe.o [4]
  .text               ro code  0x080016ae    0x2a  zero_init3.o [5]
  .text               ro code  0x080016d8   0x11c  xdscale.o [4]
  .text               ro code  0x080017f4    0x52  DblToI32.o [4]
  .text               ro code  0x08001846     0xa  xsprout.o [3]
  .text               ro code  0x08001850    0x34  I32ToDbl.o [4]
  .text               ro code  0x08001884   0x1a8  DblAddSub.o [4]
  .text               ro code  0x08001a2c    0xe0  I32DivModFast.o [5]
  .text               ro code  0x08001b0c   0x184  DblMul.o [4]
  .text               ro code  0x08001c90    0xc2  DblDiv.o [4]
  .rodata             const    0x08001d52     0x2  gate_protocol.o [1]
  .text               ro code  0x08001d54    0x68  localeconv.o [3]
  .text               ro code  0x08001dbc    0x20  div.o [3]
  .text               ro code  0x08001ddc    0x14  setlocale.o [3]
  .text               ro code  0x08001df0    0x50  xencoding_sb.o [3]
  .text               ro code  0x08001e40    0x2c  xgetmemchunk.o [3]
  .text               ro code  0x08001e6c     0x2  I64DivZer.o [5]
  .text               ro code  0x08001e6e     0x2  startup_stm32f051x8.o [1]
  .text               ro code  0x08001e70     0x2  IntDivZer.o [5]
  .text               ro code  0x08001e72     0x2  xtls.o [3]
  .text               ro code  0x08001e74   0x7fc  stm32f0xx_hal_rcc.o [1]
  .text               ro code  0x08002670    0x5c  stm32f0xx_hal.o [1]
  .text               ro code  0x080026cc   0x15c  stm32f0xx_hal_msp.o [1]
  .text               ro code  0x08002828   0x13e  stm32f0xx_hal_cortex.o [1]
  .text               ro code  0x08002966     0x2  startup_stm32f051x8.o [1]
  .text               ro code  0x08002968   0x23c  stm32f0xx_hal_gpio.o [1]
  .text               ro code  0x08002ba4    0x22  ext_irq.o [1]
  .text               ro code  0x08002bc6     0x2  startup_stm32f051x8.o [1]
  .text               ro code  0x08002bc8   0x360  nrf905_driver.o [1]
  .text               ro code  0x08002f28    0x40  rf_protocol.o [1]
  .text               ro code  0x08002f68   0x5b8  stm32f0xx_hal_spi.o [1]
  .text               ro code  0x08003520    0x34  ABImemset.o [5]
  .text               ro code  0x08003554   0x6d8  stm32f0xx_hal_uart.o [1]
  .text               ro code  0x08003c2c   0x448  stm32f0xx_hal_tim.o [1]
  .text               ro code  0x08004074   0x344  main.o [1]
  .text               ro code  0x080043b8   0x1a4  gate_protocol.o [1]
  .text               ro code  0x0800455c    0xb4  stm32f0xx_hal_comp.o [1]
  .text               ro code  0x08004610    0x5c  stm32f0xx_hal_tim_ex.o [1]
  .text               ro code  0x0800466c    0x28  memcmp.o [5]
  .text               ro code  0x08004694    0x38  sprintf.o [3]
  .text               ro code  0x080046cc   0x116  stm32f0xx_hal_uart_ex.o [1]
  .text               ro code  0x080047e2    0xd8  packbits_init.o [5]
  .text               ro code  0x080048ba     0xa  abort.o [3]
  .text               ro code  0x080048c4    0x14  exit.o [6]
  .text               ro code  0x080048d8    0x94  system_stm32f0xx.o [1]
  .text               ro code  0x0800496c    0x38  stm32f0xx_it.o [1]
  .rodata             const    0x080049a4    0x28  xprintffull.o [3]
  .text               ro code  0x080049cc    0x28  data_init.o [5]
  .iar.init_table     const    0x080049f4    0x2c  - Linker created -
  .text               ro code  0x08004a20    0x1a  cmain.o [5]
  .text               ro code  0x08004a3a     0x4  low_level_init.o [3]
  .text               ro code  0x08004a3e     0x8  exit.o [3]
  .text               ro code  0x08004a46     0x2  startup_stm32f051x8.o [1]
  .text               ro code  0x08004a48     0xa  cexit.o [5]
  .text               ro code  0x08004a52     0x2  startup_stm32f051x8.o [1]
  .rodata             const    0x08004a54    0x14  gate_protocol.o [1]
  .rodata             const    0x08004a68    0x10  stm32f0xx_hal_rcc.o [1]
  .rodata             const    0x08004a78    0x10  stm32f0xx_hal_rcc.o [1]
  .rodata             const    0x08004a88    0x10  stm32f0xx_hal_rcc.o [1]
  .text               ro code  0x08004a98    0x10  startup_stm32f051x8.o [1]
  .text               ro code  0x08004aa8     0xc  cstartup_M.o [5]
  .rodata             const    0x08004ab4     0x8  gate_protocol.o [1]
  .rodata             const    0x08004abc     0x8  gate_protocol.o [1]
  .rodata             const    0x08004ac4     0x8  nrf905_driver.o [1]
  .rodata             const    0x08004acc     0x8  nrf905_driver.o [1]
  .rodata             const    0x08004ad4     0x4  gate_protocol.o [1]
  .text               ro code  0x08004ad8     0x2  startup_stm32f051x8.o [1]
  .text               ro code  0x08004ada     0x2  startup_stm32f051x8.o [1]
  .text               ro code  0x08004adc     0x2  startup_stm32f051x8.o [1]
  .text               ro code  0x08004ade     0x2  startup_stm32f051x8.o [1]
  .text               ro code  0x08004ae0     0x2  startup_stm32f051x8.o [1]
  .text               ro code  0x08004ae2     0x2  startup_stm32f051x8.o [1]
  .text               ro code  0x08004ae4     0x2  startup_stm32f051x8.o [1]
  .text               ro code  0x08004ae6     0x2  startup_stm32f051x8.o [1]
  .text               ro code  0x08004ae8     0x2  startup_stm32f051x8.o [1]
  .text               ro code  0x08004aea     0x2  startup_stm32f051x8.o [1]
  .text               ro code  0x08004aec     0x2  startup_stm32f051x8.o [1]
  .text               ro code  0x08004aee     0x2  startup_stm32f051x8.o [1]
  .text               ro code  0x08004af0     0x2  startup_stm32f051x8.o [1]
  .text               ro code  0x08004af2     0x2  startup_stm32f051x8.o [1]
  .text               ro code  0x08004af4     0x2  startup_stm32f051x8.o [1]
  .text               ro code  0x08004af6     0x2  startup_stm32f051x8.o [1]
  .text               ro code  0x08004af8     0x2  startup_stm32f051x8.o [1]
  .text               ro code  0x08004afa     0x2  startup_stm32f051x8.o [1]
  .text               ro code  0x08004afc     0x2  startup_stm32f051x8.o [1]
  .text               ro code  0x08004afe     0x2  startup_stm32f051x8.o [1]
  .text               ro code  0x08004b00     0x2  startup_stm32f051x8.o [1]
  .text               ro code  0x08004b02     0x2  startup_stm32f051x8.o [1]
  .text               ro code  0x08004b04     0x2  startup_stm32f051x8.o [1]
  .text               ro code  0x08004b06     0x2  startup_stm32f051x8.o [1]
  .text               ro code  0x08004b08     0x2  startup_stm32f051x8.o [1]
  .text               ro code  0x08004b0a     0x2  startup_stm32f051x8.o [1]
  .rodata             const    0x08004b0c     0x1  gate_protocol.o [1]
  .rodata             const    0x08004b0d     0x0  zero_init3.o [5]
  .rodata             const    0x08004b0d     0x0  packbits_init.o [5]
  Initializer bytes   const    0x08004b0d    0x23  <for P2 s0>
                             - 0x08004b30  0x4a74

"P2":                                       0x960
  P2 s0                        0x20000000   0x140  <Init block>
    __DLIB_PERTHREAD  inited   0x20000000    0x88  localeconv.o [3]
    __DLIB_PERTHREAD  inited   0x20000088    0x74  setlocale.o [3]
    .data             inited   0x200000fc    0x40  gate_protocol.o [1]
    .data             inited   0x2000013c     0x4  system_stm32f0xx.o [1]
  .bss                zero     0x20000140    0x80  gate_protocol.o [1]
  .bss                zero     0x200001c0    0x70  main.o [1]
  .bss                zero     0x20000230    0x64  main.o [1]
  .bss                zero     0x20000294    0x40  rf_protocol.o [1]
  .bss                zero     0x200002d4    0x3c  main.o [1]
  .bss                zero     0x20000310    0x2c  main.o [1]
  .bss                zero     0x2000033c     0x8  xxmemxmalloc.o [3]
  .bss                zero     0x20000344     0x4  nrf905_driver.o [1]
  .bss                zero     0x20000348     0x4  nrf905_driver.o [1]
  .bss                zero     0x2000034c     0x4  stm32f0xx_hal.o [1]
  .bss                zero     0x20000350     0x4  xgetmemchunk.o [3]
  .bss                zero     0x20000354     0x1  gate_protocol.o [1]
  .bss                zero     0x20000355     0x1  gate_protocol.o [1]
  .bss                zero     0x20000356     0x1  nrf905_driver.o [1]
  .bss                zero     0x20000357     0x1  nrf905_driver.o [1]
  .bss                zero     0x20000358     0x1  nrf905_driver.o [1]
  .bss                zero     0x20000359     0x1  rf_protocol.o [1]
  CSTACK                       0x20000360   0x400  <Block>
    CSTACK            uninit   0x20000360   0x400  <Block tail>
  HEAP                         0x20000760   0x200  <Block>
    HEAP              uninit   0x20000760   0x200  <Block tail>
                             - 0x20000960   0x960


*******************************************************************************
*** INIT TABLE
***

          Address     Size
          -------     ----
Zero (__iar_zero_init3)
    1 destination range, total size 0x21a:
          0x20000140  0x21a

Copy/packbits (__iar_packbits_init3)
    1 source range, total size 0x23 (10% of destination):
          0x08004b0d   0x23
    1 destination range, total size 0x140:
          0x20000000  0x140



*******************************************************************************
*** MODULE SUMMARY
***

    Module                   ro code  ro data  rw data
    ------                   -------  -------  -------
D:\Dropbox\Dimmer\Dimmer_WL\RF_Firmware\Sensor\CortexM0+NrF905\EWARM\CortexM0+NrF905 Configuration\Obj: [1]
    ext_irq.o                     34
    gate_protocol.o              420       50      194
    main.o                       836               316
    nrf905_driver.o              864       16       11
    rf_protocol.o                 64                65
    startup_stm32f051x8.o        266
    stm32f0xx_hal.o               92                 4
    stm32f0xx_hal_comp.o         180
    stm32f0xx_hal_cortex.o       318
    stm32f0xx_hal_gpio.o         572
    stm32f0xx_hal_msp.o          348
    stm32f0xx_hal_rcc.o        2 044       48
    stm32f0xx_hal_spi.o        1 464
    stm32f0xx_hal_tim.o        1 096
    stm32f0xx_hal_tim_ex.o        92
    stm32f0xx_hal_uart.o       1 752
    stm32f0xx_hal_uart_ex.o      278
    stm32f0xx_it.o                56
    system_stm32f0xx.o           148        1        4
    --------------------------------------------------
    Total:                    10 924      115      594

command line: [2]
    --------------------------------------------------
    Total:

dl6M_tlf.a: [3]
    abort.o                       10
    div.o                         32
    exit.o                         8
    localeconv.o                 104       14      136
    low_level_init.o               4
    setlocale.o                   20       13      116
    sprintf.o                     56
    xencoding_sb.o                80
    xgetmemchunk.o                44                 4
    xmbcurmax.o                   10
    xmbtowc.o                     28
    xprintffull.o              4 810       40
    xsprout.o                     10
    xtls.o                         2
    xwctomb.o                     24
    xxmemxfree.o                 136
    xxmemxmalloc.o               184                 8
    --------------------------------------------------
    Total:                     5 562       67      264

m6M_tl.a: [4]
    DblAddSub.o                  424
    DblCmpGe.o                    50
    DblCmpLe.o                    50
    DblDiv.o                     194
    DblMul.o                     388
    DblToI32.o                    82
    I32ToDbl.o                    52
    xdnorm.o                      68
    xdscale.o                    284
    --------------------------------------------------
    Total:                     1 592

rt6M_tl.a: [5]
    ABImemcpy.o                   92
    ABImemset.o                   52
    I32DivModFast.o              224
    I64DivMod.o                  106
    I64DivZer.o                    2
    IntDivZer.o                    2
    cexit.o                       10
    cmain.o                       26
    cstartup_M.o                  12
    data_init.o                   40
    memchr.o                      24
    memcmp.o                      40
    packbits_init.o              216
    strchr.o                      20
    strlen.o                      16
    zero_init3.o                  42
    --------------------------------------------------
    Total:                       924

shb_l.a: [6]
    exit.o                        20
    --------------------------------------------------
    Total:                        20

    Linker created                         44    1 536
------------------------------------------------------
    Grand Total:              19 022      226    2 394


*******************************************************************************
*** ENTRY LIST
***

Entry                      Address   Size  Type      Object
-----                      -------   ----  ----      ------
.iar.init_table$$Base   0x080049f4          --   Gb  - Linker created -
.iar.init_table$$Limit  0x08004a20          --   Gb  - Linker created -
?main                   0x08004a21         Code  Gb  cmain.o [5]
CSTACK$$Base            0x20000360          --   Gb  - Linker created -
CSTACK$$Limit           0x20000760          --   Gb  - Linker created -
ClearDataFromHost       0x080044a9    0xe  Code  Gb  gate_protocol.o [1]
CommandParcer           0x080043b9   0x48  Code  Gb  gate_protocol.o [1]
CommandProcessor        0x08004401   0x7e  Code  Gb  gate_protocol.o [1]
Delay_us                0x08002bd7   0x16  Code  Gb  nrf905_driver.o [1]
EXTI4_15_IRQHandler     0x08004979   0x1a  Code  Gb  stm32f0xx_it.o [1]
Gate_Receive            0x080044b7   0x8a  Code  Gb  gate_protocol.o [1]
GetDataFromHost         0x0800447f   0x2a  Code  Gb  gate_protocol.o [1]
GetTxStatus             0x08002bc9    0x6  Code  Gb  nrf905_driver.o [1]
HAL_COMP_Init           0x0800455d   0xa4  Code  Gb  stm32f0xx_hal_comp.o [1]
HAL_COMP_MspInit        0x080026f7   0x28  Code  Gb  stm32f0xx_hal_msp.o [1]
HAL_GPIO_EXTI_Callback  0x08002ba5   0x22  Code  Wk  ext_irq.o [1]
HAL_GPIO_EXTI_IRQHandler
                        0x08002b5b   0x20  Code  Gb  stm32f0xx_hal_gpio.o [1]
HAL_GPIO_Init           0x08002969  0x1de  Code  Gb  stm32f0xx_hal_gpio.o [1]
HAL_GPIO_WritePin       0x08002b47   0x14  Code  Gb  stm32f0xx_hal_gpio.o [1]
HAL_GetTick             0x080026bd    0x6  Code  Wk  stm32f0xx_hal.o [1]
HAL_IncTick             0x080026b1    0xc  Code  Wk  stm32f0xx_hal.o [1]
HAL_Init                0x08002671   0x1c  Code  Gb  stm32f0xx_hal.o [1]
HAL_InitTick            0x0800268d   0x24  Code  Wk  stm32f0xx_hal.o [1]
HAL_MspInit             0x080026cd   0x2a  Code  Gb  stm32f0xx_hal_msp.o [1]
HAL_NVIC_EnableIRQ      0x08002907    0xe  Code  Gb  stm32f0xx_hal_cortex.o [1]
HAL_NVIC_SetPriority    0x080028f3   0x14  Code  Gb  stm32f0xx_hal_cortex.o [1]
HAL_RCC_ClockConfig     0x08002379  0x200  Code  Gb  stm32f0xx_hal_rcc.o [1]
HAL_RCC_GetHCLKFreq     0x08002611   0x20  Code  Gb  stm32f0xx_hal_rcc.o [1]
HAL_RCC_GetPCLK1Freq    0x08002631   0x18  Code  Gb  stm32f0xx_hal_rcc.o [1]
HAL_RCC_GetSysClockFreq
                        0x08002591   0x80  Code  Gb  stm32f0xx_hal_rcc.o [1]
HAL_RCC_OscConfig       0x08001e75  0x4ea  Code  Gb  stm32f0xx_hal_rcc.o [1]
HAL_SPI_Init            0x08002f69   0xec  Code  Gb  stm32f0xx_hal_spi.o [1]
HAL_SPI_MspInit         0x0800271f   0x4c  Code  Gb  stm32f0xx_hal_msp.o [1]
HAL_SPI_TransmitReceive
                        0x0800305d  0x318  Code  Gb  stm32f0xx_hal_spi.o [1]
HAL_SYSTICK_CLKSourceConfig
                        0x08002921   0x22  Code  Gb  stm32f0xx_hal_cortex.o [1]
HAL_SYSTICK_Callback    0x08002965    0x2  Code  Wk  stm32f0xx_hal_cortex.o [1]
HAL_SYSTICK_Config      0x08002915    0xc  Code  Gb  stm32f0xx_hal_cortex.o [1]
HAL_SYSTICK_IRQHandler  0x0800295d    0x8  Code  Gb  stm32f0xx_hal_cortex.o [1]
HAL_TIMEx_MasterConfigSynchronization
                        0x08004611   0x5c  Code  Gb  stm32f0xx_hal_tim_ex.o [1]
HAL_TIM_PWM_ConfigChannel
                        0x08003c67  0x104  Code  Gb  stm32f0xx_hal_tim.o [1]
HAL_TIM_PWM_Init        0x08003c2d   0x3a  Code  Gb  stm32f0xx_hal_tim.o [1]
HAL_TIM_PWM_MspInit     0x0800276b   0x46  Code  Gb  stm32f0xx_hal_msp.o [1]
HAL_UARTEx_WakeupCallback
                        0x080047e1    0x2  Code  Wk  stm32f0xx_hal_uart_ex.o [1]
HAL_UART_ErrorCallback  0x080036c3    0x2  Code  Wk  stm32f0xx_hal_uart.o [1]
HAL_UART_IRQHandler     0x080046cd  0x114  Code  Gb  stm32f0xx_hal_uart_ex.o [1]
HAL_UART_Init           0x08003555   0x7e  Code  Gb  stm32f0xx_hal_uart.o [1]
HAL_UART_MspInit        0x080027b1   0x5c  Code  Gb  stm32f0xx_hal_msp.o [1]
HAL_UART_RxCpltCallback
                        0x080036c1    0x2  Code  Wk  stm32f0xx_hal_uart.o [1]
HAL_UART_Transmit       0x080035d9   0xe6  Code  Gb  stm32f0xx_hal_uart.o [1]
HAL_UART_TxCpltCallback
                        0x080036bf    0x2  Code  Wk  stm32f0xx_hal_uart.o [1]
HEAP$$Base              0x20000760          --   Gb  - Linker created -
HEAP$$Limit             0x20000960          --   Gb  - Linker created -
InStream_Read           0x080047e3   0x22  Code  Lc  packbits_init.o [5]
LoadInt                 0x0800071b   0x68  Code  Lc  xprintffull.o [3]
MX_COMP1_Init           0x08004119   0x40  Code  Lc  main.o [1]
MX_GPIO_Init            0x0800427b  0x10e  Code  Lc  main.o [1]
MX_SPI1_Init            0x08004159   0x64  Code  Lc  main.o [1]
MX_TIM3_Init            0x080041bd   0x56  Code  Lc  main.o [1]
MX_USART2_UART_Init     0x08004213   0x68  Code  Lc  main.o [1]
NVIC_EnableIRQ          0x08002829    0xe  Code  Lc  stm32f0xx_hal_cortex.o [1]
NVIC_SetPriority        0x08002837   0x8a  Code  Lc  stm32f0xx_hal_cortex.o [1]
Nrf905Init              0x08002dd5  0x12a  Code  Gb  nrf905_driver.o [1]
Nrf905RegCom            0x08002bed   0x56  Code  Gb  nrf905_driver.o [1]
PowerDownMode           0x08002c43   0x12  Code  Gb  nrf905_driver.o [1]
PowerUpMode             0x08002c55   0x18  Code  Gb  nrf905_driver.o [1]
RF_Receive              0x08002f29   0x40  Code  Gb  rf_protocol.o [1]
ReceiveMode             0x08002c93   0x26  Code  Gb  nrf905_driver.o [1]
ReceiveMultiPacket      0x08002d57   0x76  Code  Gb  nrf905_driver.o [1]
Region$$Table$$Base     0x080049f4          --   Gb  - Linker created -
Region$$Table$$Limit    0x08004a20          --   Gb  - Linker created -
RxData                  0x20000140   0x80  Data  Lc  gate_protocol.o [1]
SPI_EndRxTxTransaction  0x080034d9   0x44  Code  Lc  stm32f0xx_hal_spi.o [1]
SPI_WaitFifoStateUntilTimeout
                        0x0800341d   0xba  Code  Lc  stm32f0xx_hal_spi.o [1]
SPI_WaitFlagStateUntilTimeout
                        0x0800337d   0x9e  Code  Lc  stm32f0xx_hal_spi.o [1]
SysTick_Config          0x080028c1   0x32  Code  Lc  stm32f0xx_hal_cortex.o [1]
SysTick_Handler         0x0800496d    0xc  Code  Gb  stm32f0xx_it.o [1]
SystemClock_Config      0x080040b5   0x64  Code  Gb  main.o [1]
SystemCoreClock         0x2000013c    0x4  Data  Gb  system_stm32f0xx.o [1]
SystemInit              0x080048d9   0x68  Code  Gb  system_stm32f0xx.o [1]
TIM_Base_SetConfig      0x08003d71   0x8a  Code  Gb  stm32f0xx_hal_tim.o [1]
TIM_OC1_SetConfig       0x08003dfb   0x96  Code  Lc  stm32f0xx_hal_tim.o [1]
TIM_OC2_SetConfig       0x08003e93   0x92  Code  Gb  stm32f0xx_hal_tim.o [1]
TIM_OC3_SetConfig       0x08003f25   0x92  Code  Lc  stm32f0xx_hal_tim.o [1]
TIM_OC4_SetConfig       0x08003fd1   0x70  Code  Lc  stm32f0xx_hal_tim.o [1]
TransmitMode            0x08002c6d   0x26  Code  Gb  nrf905_driver.o [1]
TransmitMultiPacket     0x08002cb9   0x9e  Code  Gb  nrf905_driver.o [1]
UART_AdvFeatureConfig   0x0800385d   0xde  Code  Gb  stm32f0xx_hal_uart.o [1]
UART_CheckIdleState     0x08003941   0x60  Code  Gb  stm32f0xx_hal_uart.o [1]
UART_EndTransmit_IT     0x08003b3f   0x3c  Code  Gb  stm32f0xx_hal_uart.o [1]
UART_Receive_IT         0x08003b7b   0xac  Code  Gb  stm32f0xx_hal_uart.o [1]
UART_SetConfig          0x080036c5  0x196  Code  Gb  stm32f0xx_hal_uart.o [1]
UART_Transmit_IT        0x08003ac1   0x7e  Code  Gb  stm32f0xx_hal_uart.o [1]
UART_WaitOnFlagUntilTimeout
                        0x080039b5   0xda  Code  Gb  stm32f0xx_hal_uart.o [1]
USART2_IRQHandler       0x08004993    0xe  Code  Gb  stm32f0xx_it.o [1]
_EncodingSb_Mbtowc      0x08001e05   0x2c  Code  Gb  xencoding_sb.o [3]
_EncodingSb_Wctomb      0x08001df1   0x14  Code  Gb  xencoding_sb.o [3]
_GenldFull              0x08001081  0x2d4  Code  Lc  xprintffull.o [3]
_IsdstStr               0x2000008c    0x4  Data  Gb  setlocale.o [3]
_LdtobFull              0x08000bed  0x480  Code  Lc  xprintffull.o [3]
_LitobFull              0x08000ab9  0x12e  Code  Lc  xprintffull.o [3]
_LocaleEncoding         0x08001ddd    0xc  Code  Gb  setlocale.o [3]
_LocaleReturnString     0x200000ac   0x50  Data  Lc  setlocale.o [3]
_Locale_Profile         0x20000090   0x1c  Data  Gb  setlocale.o [3]
_Locale_aeabi_lconv     0x20000050   0x38  Data  Gb  localeconv.o [3]
_Locale_lconv           0x20000000   0x50  Data  Gb  localeconv.o [3]
_Mbtowc                 0x08001387   0x1c  Code  Gb  xmbtowc.o [3]
_PrintfFull             0x080000bd  0x65e  Code  Gb  xprintffull.o [3]
_PutcharsFull           0x08001357   0x30  Code  Lc  xprintffull.o [3]
_PutstrFull             0x08000785  0x334  Code  Lc  xprintffull.o [3]
_SProut                 0x08001847    0xa  Code  Gb  xsprout.o [3]
_TzoneStr               0x20000088    0x4  Data  Gb  setlocale.o [3]
_Wctomb                 0x080014a1   0x18  Code  Gb  xwctomb.o [3]
__ICFEDIT_region_RAM_end__ {Abs}
                        0x20001fff          --   Gb  command line/config [2]
__ICFEDIT_region_RAM_start__ {Abs}
                        0x20000000          --   Gb  command line/config [2]
__aeabi_cdcmple         0x0800164b         Code  Gb  DblCmpLe.o [4]
__aeabi_cdrcmple        0x0800167d         Code  Gb  DblCmpGe.o [4]
__aeabi_d2iz            0x080017f5         Code  Gb  DblToI32.o [4]
__aeabi_d2uiz           0x08001819         Code  Gb  DblToI32.o [4]
__aeabi_ddiv            0x08001c91         Code  Gb  DblDiv.o [4]
__aeabi_dmul            0x08001b0d         Code  Gb  DblMul.o [4]
__aeabi_dsub            0x0800193f         Code  Gb  DblAddSub.o [4]
__aeabi_i2d             0x08001851         Code  Gb  I32ToDbl.o [4]
__aeabi_idiv            0x08001a59         Code  Gb  I32DivModFast.o [5]
__aeabi_idiv0           0x08001e71         Code  Gb  IntDivZer.o [5]
__aeabi_idivmod         0x08001a59         Code  Gb  I32DivModFast.o [5]
__aeabi_ldiv0           0x08001e6d         Code  Gb  I64DivZer.o [5]
__aeabi_memclr4         0x08003551         Code  Gb  ABImemset.o [5]
__aeabi_memclr8         0x08003551         Code  Gb  ABImemset.o [5]
__aeabi_memcpy          0x080014b9         Code  Gb  ABImemcpy.o [5]
__aeabi_memcpy4         0x080014e1         Code  Wk  ABImemcpy.o [5]
__aeabi_ui2d            0x08001865         Code  Gb  I32ToDbl.o [4]
__aeabi_uidiv           0x08001a5f         Code  Gb  I32DivModFast.o [5]
__aeabi_uidivmod        0x08001a5f         Code  Gb  I32DivModFast.o [5]
__aeabi_uldivmod        0x0800159d         Code  Gb  I64DivMod.o [5]
__cmain                 0x08004a21         Code  Gb  cmain.o [5]
__data_Aldata           0x2000033c    0x8  Data  Gb  xxmemxmalloc.o [3]
__data_GetMemChunk      0x08001e41   0x2c  Code  Gb  xgetmemchunk.o [3]
__exit                  0x080048c5   0x14  Code  Gb  exit.o [6]
__iar_Dnorm             0x08001607   0x44  Code  Gb  xdnorm.o [4]
__iar_Dscale            0x080016d9  0x11c  Code  Gb  xdscale.o [4]
__iar_Locale_lconv_init
                        0x08001d55   0x32  Code  Gb  localeconv.o [3]
__iar_Mbcurmax          0x080013df    0xa  Code  Gb  xmbcurmax.o [3]
__iar_Memchr            0x080013c7   0x18  Code  Gb  memchr.o [5]
__iar_Memset4_word      0x08003521         Code  Gb  ABImemset.o [5]
__iar_Strchr            0x080013a3   0x14  Code  Gb  strchr.o [5]
__iar_d2uiz             0x0800181d         Code  Gb  DblToI32.o [4]
__iar_data_init3        0x080049cd   0x28  Code  Gb  data_init.o [5]
__iar_dlib_perthread_access
                        0x08001e73    0x2  Code  Gb  xtls.o [3]
__iar_packbits_init3    0x08004805   0xb6  Code  Gb  packbits_init.o [5]
__iar_program_start     0x08004aa9         Code  Gb  cstartup_M.o [5]
__iar_ui2d              0x08001869         Code  Gb  I32ToDbl.o [4]
__iar_zero_init3        0x080016af   0x2a  Code  Gb  zero_init3.o [5]
__low_level_init        0x08004a3b    0x4  Code  Gb  low_level_init.o [3]
__vector_table          0x08000000         Data  Gb  startup_stm32f051x8.o [1]
_call_main              0x08004a2d         Code  Gb  cmain.o [5]
_exit                   0x08004a49         Code  Gb  cexit.o [5]
_main                   0x08004a37         Code  Gb  cmain.o [5]
aAPBAHBPrescTable       0x08004a88   0x10  Data  Gb  stm32f0xx_hal_rcc.o [1]
abort                   0x080048bb    0xa  Code  Gb  abort.o [3]
cntRx                   0x20000348    0x4  Data  Gb  nrf905_driver.o [1]
cntTx                   0x20000344    0x4  Data  Gb  nrf905_driver.o [1]
data_ready              0x20000355    0x1  Data  Gb  gate_protocol.o [1]
div                     0x08001dbd   0x20  Code  Gb  div.o [3]
exit                    0x08004a3f    0x8  Code  Gb  exit.o [3]
free                    0x08001515   0x82  Code  Gb  xxmemxfree.o [3]
hcomp1                  0x20000310   0x2c  Data  Gb  main.o [1]
hspi1                   0x20000230   0x64  Data  Gb  main.o [1]
htim3                   0x200002d4   0x3c  Data  Gb  main.o [1]
huart2                  0x200001c0   0x70  Data  Gb  main.o [1]
localeconv              0x08001d87   0x18  Code  Gb  localeconv.o [3]
main                    0x08004075   0x40  Code  Gb  main.o [1]
malloc                  0x080013e9   0xb2  Code  Gb  xxmemxmalloc.o [3]
memcmp                  0x0800466d   0x28  Code  Gb  memcmp.o [5]
point                   0x20000354    0x1  Data  Lc  gate_protocol.o [1]
rTxStatus               0x08002bcf    0x8  Code  Gb  nrf905_driver.o [1]
rxAddr                  0x08004acc    0x8  Data  Gb  nrf905_driver.o [1]
rx_buff                 0x20000294   0x40  Data  Lc  rf_protocol.o [1]
rx_data                 0x20000357    0x1  Data  Lc  nrf905_driver.o [1]
sprintf                 0x08004695   0x38  Code  Gb  sprintf.o [3]
strings                 0x200000fc   0x40  Data  Gb  gate_protocol.o [1]
strlen                  0x080013b7   0x10  Code  Gb  strlen.o [5]
tmp                     0x20000359    0x1  Data  Lc  rf_protocol.o [1]
txAddr                  0x08004ac4    0x8  Data  Gb  nrf905_driver.o [1]
tx_data                 0x20000356    0x1  Data  Lc  nrf905_driver.o [1]
tx_status               0x20000358    0x1  Data  Lc  nrf905_driver.o [1]
uwTick                  0x2000034c    0x4  Data  Lc  stm32f0xx_hal.o [1]


[1] = D:\Dropbox\Dimmer\Dimmer_WL\RF_Firmware\Sensor\CortexM0+NrF905\EWARM\CortexM0+NrF905 Configuration\Obj
[2] = command line
[3] = dl6M_tlf.a
[4] = m6M_tl.a
[5] = rt6M_tl.a
[6] = shb_l.a

  19 022 bytes of readonly  code memory
     226 bytes of readonly  data memory
   2 394 bytes of readwrite data memory

Errors: none
Warnings: none
