###############################################################################
#
# IAR ELF Linker V7.40.1.8447/W32 for ARM                 27/Apr/2019  20:27:38
# Copyright 2007-2015 IAR Systems AB.
#
#    Output file  =  
#        H:\NRF905-CortexM0\EWARM\CortexM0+NrF905\Exe\CortexM0+NrF905.out
#    Map file     =  
#        H:\NRF905-CortexM0\EWARM\CortexM0+NrF905/List\CortexM0+NrF905.map
#    Command line =  
#        H:\NRF905-CortexM0\EWARM\CortexM0+NrF905\Obj\ext_irq.o
#        H:\NRF905-CortexM0\EWARM\CortexM0+NrF905\Obj\gate_protocol.o
#        H:\NRF905-CortexM0\EWARM\CortexM0+NrF905\Obj\host_protocol.o
#        H:\NRF905-CortexM0\EWARM\CortexM0+NrF905\Obj\main.o
#        H:\NRF905-CortexM0\EWARM\CortexM0+NrF905\Obj\nrf905_driver.o
#        H:\NRF905-CortexM0\EWARM\CortexM0+NrF905\Obj\rf_protocol.o
#        H:\NRF905-CortexM0\EWARM\CortexM0+NrF905\Obj\startup_stm32f051x8.o
#        H:\NRF905-CortexM0\EWARM\CortexM0+NrF905\Obj\stm32f0xx_hal.o
#        H:\NRF905-CortexM0\EWARM\CortexM0+NrF905\Obj\stm32f0xx_hal_comp.o
#        H:\NRF905-CortexM0\EWARM\CortexM0+NrF905\Obj\stm32f0xx_hal_cortex.o
#        H:\NRF905-CortexM0\EWARM\CortexM0+NrF905\Obj\stm32f0xx_hal_dma.o
#        H:\NRF905-CortexM0\EWARM\CortexM0+NrF905\Obj\stm32f0xx_hal_flash.o
#        H:\NRF905-CortexM0\EWARM\CortexM0+NrF905\Obj\stm32f0xx_hal_flash_ex.o
#        H:\NRF905-CortexM0\EWARM\CortexM0+NrF905\Obj\stm32f0xx_hal_gpio.o
#        H:\NRF905-CortexM0\EWARM\CortexM0+NrF905\Obj\stm32f0xx_hal_i2c.o
#        H:\NRF905-CortexM0\EWARM\CortexM0+NrF905\Obj\stm32f0xx_hal_i2c_ex.o
#        H:\NRF905-CortexM0\EWARM\CortexM0+NrF905\Obj\stm32f0xx_hal_msp.o
#        H:\NRF905-CortexM0\EWARM\CortexM0+NrF905\Obj\stm32f0xx_hal_pwr.o
#        H:\NRF905-CortexM0\EWARM\CortexM0+NrF905\Obj\stm32f0xx_hal_pwr_ex.o
#        H:\NRF905-CortexM0\EWARM\CortexM0+NrF905\Obj\stm32f0xx_hal_rcc.o
#        H:\NRF905-CortexM0\EWARM\CortexM0+NrF905\Obj\stm32f0xx_hal_rcc_ex.o
#        H:\NRF905-CortexM0\EWARM\CortexM0+NrF905\Obj\stm32f0xx_hal_rtc.o
#        H:\NRF905-CortexM0\EWARM\CortexM0+NrF905\Obj\stm32f0xx_hal_rtc_ex.o
#        H:\NRF905-CortexM0\EWARM\CortexM0+NrF905\Obj\stm32f0xx_hal_spi.o
#        H:\NRF905-CortexM0\EWARM\CortexM0+NrF905\Obj\stm32f0xx_hal_spi_ex.o
#        H:\NRF905-CortexM0\EWARM\CortexM0+NrF905\Obj\stm32f0xx_hal_tim.o
#        H:\NRF905-CortexM0\EWARM\CortexM0+NrF905\Obj\stm32f0xx_hal_tim_ex.o
#        H:\NRF905-CortexM0\EWARM\CortexM0+NrF905\Obj\stm32f0xx_hal_uart.o
#        H:\NRF905-CortexM0\EWARM\CortexM0+NrF905\Obj\stm32f0xx_hal_uart_ex.o
#        H:\NRF905-CortexM0\EWARM\CortexM0+NrF905\Obj\stm32f0xx_it.o
#        H:\NRF905-CortexM0\EWARM\CortexM0+NrF905\Obj\system_stm32f0xx.o
#        H:\NRF905-CortexM0\EWARM\CortexM0+NrF905\Obj\timer.o --redirect
#        _Printf=_PrintfFull --redirect _Scanf=_ScanfFull -o
#        H:\NRF905-CortexM0\EWARM\CortexM0+NrF905\Exe\CortexM0+NrF905.out --map
#        H:\NRF905-CortexM0\EWARM\CortexM0+NrF905/List\CortexM0+NrF905.map
#        --config H:\NRF905-CortexM0\EWARM/stm32f051x8_flash.icf --semihosting
#        --entry __iar_program_start --vfe
#
###############################################################################

*******************************************************************************
*** RUNTIME MODEL ATTRIBUTES
***

CppFlavor                     = *
__Heap_Handler                = Basic
__SystemLibrary               = DLib
__dlib_dynamic_initialization = normal


*******************************************************************************
*** PLACEMENT SUMMARY
***

"A1":  place at 0x08000000 { ro section .intvec };
"P1":  place in [from 0x08000000 to 0x0800ffff] { ro };
"P2":  place in [from 0x20000000 to 0x20001fff] { rw, block CSTACK, block HEAP };

  Section             Kind        Address    Size  Object
  -------             ----        -------    ----  ------
"A1":                                        0xbc
  .intvec             ro code  0x08000000    0xbc  startup_stm32f051x8.o [1]
                             - 0x080000bc    0xbc

"P1":                                      0x53a9
  .text               ro code  0x080000bc  0x12ca  xprintffull.o [3]
  .text               ro code  0x08001386    0x1c  xmbtowc.o [3]
  .text               ro code  0x080013a2    0x14  strchr.o [5]
  .text               ro code  0x080013b6    0x10  strlen.o [5]
  .text               ro code  0x080013c6    0x18  memchr.o [5]
  .text               ro code  0x080013de     0xa  xmbcurmax.o [3]
  .text               ro code  0x080013e8    0xb8  xxmemxmalloc.o [3]
  .text               ro code  0x080014a0    0x18  xwctomb.o [3]
  .text               ro code  0x080014b8    0x5c  ABImemcpy.o [5]
  .text               ro code  0x08001514    0x88  xxmemxfree.o [3]
  .text               ro code  0x0800159c    0x6a  I64DivMod.o [5]
  .text               ro code  0x08001606    0x44  xdnorm.o [4]
  .text               ro code  0x0800164a    0x32  DblCmpLe.o [4]
  .text               ro code  0x0800167c    0x32  DblCmpGe.o [4]
  .text               ro code  0x080016ae    0x2a  zero_init3.o [5]
  .text               ro code  0x080016d8   0x11c  xdscale.o [4]
  .text               ro code  0x080017f4    0x52  DblToI32.o [4]
  .text               ro code  0x08001846     0xa  xsprout.o [3]
  .text               ro code  0x08001850    0x34  I32ToDbl.o [4]
  .text               ro code  0x08001884   0x1b4  DblAddSub.o [4]
  .text               ro code  0x08001a38    0xe0  I32DivModFast.o [5]
  .text               ro code  0x08001b18   0x184  DblMul.o [4]
  .text               ro code  0x08001c9c    0xc2  DblDiv.o [4]
  .text               ro code  0x08001d5e     0x2  startup_stm32f051x8.o [1]
  .text               ro code  0x08001d60    0x68  localeconv.o [3]
  .text               ro code  0x08001dc8    0x20  div.o [3]
  .text               ro code  0x08001de8    0x14  setlocale.o [3]
  .text               ro code  0x08001dfc    0x50  xencoding_sb.o [3]
  .text               ro code  0x08001e4c    0x2c  xgetmemchunk.o [3]
  .text               ro code  0x08001e78     0x2  I64DivZer.o [5]
  .text               ro code  0x08001e7a     0x2  startup_stm32f051x8.o [1]
  .text               ro code  0x08001e7c     0x2  IntDivZer.o [5]
  .text               ro code  0x08001e7e     0x2  xtls.o [3]
  .text               ro code  0x08001e80   0x70c  stm32f0xx_hal_rcc.o [1]
  .text               ro code  0x0800258c    0x5c  stm32f0xx_hal.o [1]
  .text               ro code  0x080025e8   0x278  stm32f0xx_hal_msp.o [1]
  .text               ro code  0x08002860   0x110  stm32f0xx_hal_cortex.o [1]
  .text               ro code  0x08002970    0x34  ABImemset.o [5]
  .text               ro code  0x080029a4   0x23e  stm32f0xx_hal_gpio.o [1]
  .text               ro code  0x08002be2     0x2  startup_stm32f051x8.o [1]
  .text               ro code  0x08002be4   0x6ee  main.o [1]
  .text               ro code  0x080032d2     0x2  startup_stm32f051x8.o [1]
  .text               ro code  0x080032d4   0x2f4  nrf905_driver.o [1]
  .text               ro code  0x080035c8    0x38  sprintf.o [3]
  .text               ro code  0x08003600    0x48  stm32f0xx_hal_pwr.o [1]
  .text               ro code  0x08003648   0x198  stm32f0xx_hal_comp.o [1]
  .text               ro code  0x080037e0    0x28  timer.o [1]
  .text               ro code  0x08003808    0x28  ext_irq.o [1]
  .text               ro code  0x08003830    0x32  I32ToFlt.o [4]
  .text               ro code  0x08003862     0x2  startup_stm32f051x8.o [1]
  .text               ro code  0x08003864    0x32  FltToDbl.o [4]
  .text               ro code  0x08003896    0x62  DblToFlt.o [4]
  .text               ro code  0x080038f8    0x3a  FltToS32.o [4]
  .text               ro code  0x08003932     0x2  startup_stm32f051x8.o [1]
  .text               ro code  0x08003934    0x2c  rf_protocol.o [1]
  .text               ro code  0x08003960   0x12c  host_protocol.o [1]
  .text               ro code  0x08003a8c    0x18  gate_protocol.o [1]
  .text               ro code  0x08003aa4   0x158  stm32f0xx_hal_rcc_ex.o [1]
  .text               ro code  0x08003bfc   0x588  stm32f0xx_hal_rtc.o [1]
  .text               ro code  0x08004184   0x57c  stm32f0xx_hal_spi.o [1]
  .text               ro code  0x08004700   0x450  stm32f0xx_hal_tim.o [1]
  .text               ro code  0x08004b50    0x5c  stm32f0xx_hal_tim_ex.o [1]
  .text               ro code  0x08004bac   0x460  stm32f0xx_hal_uart.o [1]
  .text               ro code  0x0800500c     0xc  memcpy.o [3]
  .text               ro code  0x08005018    0x28  memcmp.o [5]
  .text               ro code  0x08005040    0xd8  packbits_init.o [5]
  .text               ro code  0x08005118     0xa  abort.o [3]
  .text               ro code  0x08005122     0x2  startup_stm32f051x8.o [1]
  .text               ro code  0x08005124    0x14  exit.o [6]
  .text               ro code  0x08005138    0x94  system_stm32f0xx.o [1]
  .text               ro code  0x080051cc    0x40  stm32f0xx_it.o [1]
  .rodata             const    0x0800520c    0x28  xprintffull.o [3]
  .text               ro code  0x08005234    0x28  data_init.o [5]
  .rodata             const    0x0800525c    0x24  host_protocol.o [1]
  .rodata             const    0x08005280    0x24  host_protocol.o [1]
  .rodata             const    0x080052a4    0x24  main.o [1]
  .iar.init_table     const    0x080052c8    0x2c  - Linker created -
  .text               ro code  0x080052f4    0x1a  cmain.o [5]
  .text               ro code  0x0800530e     0x4  low_level_init.o [3]
  .text               ro code  0x08005312     0x8  exit.o [3]
  .text               ro code  0x0800531a     0x2  startup_stm32f051x8.o [1]
  .text               ro code  0x0800531c     0xa  cexit.o [5]
  .text               ro code  0x08005326     0x2  startup_stm32f051x8.o [1]
  .rodata             const    0x08005328    0x10  main.o [1]
  .rodata             const    0x08005338    0x10  main.o [1]
  .rodata             const    0x08005348    0x10  main.o [1]
  .rodata             const    0x08005358    0x10  main.o [1]
  .rodata             const    0x08005368    0x10  stm32f0xx_hal_rcc.o [1]
  .rodata             const    0x08005378    0x10  stm32f0xx_hal_rcc.o [1]
  .rodata             const    0x08005388    0x10  system_stm32f0xx.o [1]
  .text               ro code  0x08005398    0x10  startup_stm32f051x8.o [1]
  .text               ro code  0x080053a8     0xc  cstartup_M.o [5]
  .rodata             const    0x080053b4     0x8  host_protocol.o [1]
  .rodata             const    0x080053bc     0x8  host_protocol.o [1]
  .rodata             const    0x080053c4     0x8  host_protocol.o [1]
  .rodata             const    0x080053cc     0x8  host_protocol.o [1]
  .rodata             const    0x080053d4     0x8  host_protocol.o [1]
  .rodata             const    0x080053dc     0x8  main.o [1]
  .rodata             const    0x080053e4     0x8  nrf905_driver.o [1]
  .rodata             const    0x080053ec     0x8  nrf905_driver.o [1]
  .rodata             const    0x080053f4     0x8  system_stm32f0xx.o [1]
  .rodata             const    0x080053fc     0x4  host_protocol.o [1]
  .rodata             const    0x08005400     0x4  host_protocol.o [1]
  .rodata             const    0x08005404     0x4  host_protocol.o [1]
  .rodata             const    0x08005408     0x4  main.o [1]
  .text               ro code  0x0800540c     0x2  startup_stm32f051x8.o [1]
  .text               ro code  0x0800540e     0x2  startup_stm32f051x8.o [1]
  .text               ro code  0x08005410     0x2  startup_stm32f051x8.o [1]
  .text               ro code  0x08005412     0x2  startup_stm32f051x8.o [1]
  .text               ro code  0x08005414     0x2  startup_stm32f051x8.o [1]
  .text               ro code  0x08005416     0x2  startup_stm32f051x8.o [1]
  .text               ro code  0x08005418     0x2  startup_stm32f051x8.o [1]
  .text               ro code  0x0800541a     0x2  startup_stm32f051x8.o [1]
  .text               ro code  0x0800541c     0x2  startup_stm32f051x8.o [1]
  .text               ro code  0x0800541e     0x2  startup_stm32f051x8.o [1]
  .text               ro code  0x08005420     0x2  startup_stm32f051x8.o [1]
  .text               ro code  0x08005422     0x2  startup_stm32f051x8.o [1]
  .text               ro code  0x08005424     0x2  startup_stm32f051x8.o [1]
  .text               ro code  0x08005426     0x2  startup_stm32f051x8.o [1]
  .text               ro code  0x08005428     0x2  startup_stm32f051x8.o [1]
  .text               ro code  0x0800542a     0x2  startup_stm32f051x8.o [1]
  .text               ro code  0x0800542c     0x2  startup_stm32f051x8.o [1]
  .text               ro code  0x0800542e     0x2  startup_stm32f051x8.o [1]
  .text               ro code  0x08005430     0x2  startup_stm32f051x8.o [1]
  .text               ro code  0x08005432     0x2  startup_stm32f051x8.o [1]
  .text               ro code  0x08005434     0x2  startup_stm32f051x8.o [1]
  .rodata             const    0x08005436     0x0  zero_init3.o [5]
  .rodata             const    0x08005436     0x0  packbits_init.o [5]
  Initializer bytes   const    0x08005436    0x2f  <for P2 s0>
                             - 0x08005465  0x53a9

"P2":                                       0x938
  P2 s0                        0x20000000   0x140  <Init block>
    __DLIB_PERTHREAD  inited   0x20000000    0x88  localeconv.o [3]
    __DLIB_PERTHREAD  inited   0x20000088    0x74  setlocale.o [3]
    .data             inited   0x200000fc    0x40  host_protocol.o [1]
    .data             inited   0x2000013c     0x4  system_stm32f0xx.o [1]
  .bss                zero     0x20000140    0x70  main.o [1]
  .bss                zero     0x200001b0    0x64  main.o [1]
  .bss                zero     0x20000214    0x40  main.o [1]
  .bss                zero     0x20000254    0x40  rf_protocol.o [1]
  .bss                zero     0x20000294    0x2c  main.o [1]
  .bss                zero     0x200002c0    0x2c  main.o [1]
  .bss                zero     0x200002ec    0x20  main.o [1]
  .bss                zero     0x2000030c     0x8  xxmemxmalloc.o [3]
  .bss                zero     0x20000314     0x4  nrf905_driver.o [1]
  .bss                zero     0x20000318     0x4  nrf905_driver.o [1]
  .bss                zero     0x2000031c     0x4  stm32f0xx_hal.o [1]
  .bss                zero     0x20000320     0x4  timer.o [1]
  .bss                zero     0x20000324     0x4  xgetmemchunk.o [3]
  .bss                zero     0x20000328     0x1  ext_irq.o [1]
  .bss                zero     0x20000329     0x1  ext_irq.o [1]
  .bss                zero     0x2000032a     0x1  gate_protocol.o [1]
  .bss                zero     0x2000032b     0x1  gate_protocol.o [1]
  .bss                zero     0x2000032c     0x1  main.o [1]
  .bss                zero     0x2000032d     0x1  nrf905_driver.o [1]
  .bss                zero     0x2000032e     0x1  nrf905_driver.o [1]
  .bss                zero     0x2000032f     0x1  nrf905_driver.o [1]
  .bss                zero     0x20000330     0x1  rf_protocol.o [1]
  CSTACK                       0x20000338   0x400  <Block>
    CSTACK            uninit   0x20000338   0x400  <Block tail>
  HEAP                         0x20000738   0x200  <Block>
    HEAP              uninit   0x20000738   0x200  <Block tail>
                             - 0x20000938   0x938


*******************************************************************************
*** INIT TABLE
***

          Address     Size
          -------     ----
Zero (__iar_zero_init3)
    1 destination range, total size 0x1f1:
          0x20000140  0x1f1

Copy/packbits (__iar_packbits_init3)
    1 source range, total size 0x2f (14% of destination):
          0x08005436   0x2f
    1 destination range, total size 0x140:
          0x20000000  0x140



*******************************************************************************
*** MODULE SUMMARY
***

    Module                  ro code  ro data  rw data
    ------                  -------  -------  -------
H:\NRF905-CortexM0\EWARM\CortexM0+NrF905\Obj: [1]
    ext_irq.o                    40                 2
    gate_protocol.o              24                 2
    host_protocol.o             300      133       64
    main.o                    1 774      112      397
    nrf905_driver.o             756       16       11
    rf_protocol.o                44                65
    startup_stm32f051x8.o       264
    stm32f0xx_hal.o              92                 4
    stm32f0xx_hal_comp.o        408
    stm32f0xx_hal_cortex.o      272
    stm32f0xx_hal_gpio.o        574
    stm32f0xx_hal_msp.o         632
    stm32f0xx_hal_pwr.o          72
    stm32f0xx_hal_rcc.o       1 804       32
    stm32f0xx_hal_rcc_ex.o      344
    stm32f0xx_hal_rtc.o       1 416
    stm32f0xx_hal_spi.o       1 404
    stm32f0xx_hal_tim.o       1 104
    stm32f0xx_hal_tim_ex.o       92
    stm32f0xx_hal_uart.o      1 120
    stm32f0xx_it.o               64
    system_stm32f0xx.o          148       25        4
    timer.o                      40                 4
    -------------------------------------------------
    Total:                   12 788      318      553

command line: [2]
    -------------------------------------------------
    Total:

dl6M_tlf.a: [3]
    abort.o                      10
    div.o                        32
    exit.o                        8
    localeconv.o                104       19      136
    low_level_init.o              4
    memcpy.o                     12
    setlocale.o                  20       18      116
    sprintf.o                    56
    xencoding_sb.o               80
    xgetmemchunk.o               44                 4
    xmbcurmax.o                  10
    xmbtowc.o                    28
    xprintffull.o             4 810       40
    xsprout.o                    10
    xtls.o                        2
    xwctomb.o                    24
    xxmemxfree.o                136
    xxmemxmalloc.o              184                 8
    -------------------------------------------------
    Total:                    5 574       77      264

m6M_tl.a: [4]
    DblAddSub.o                 436
    DblCmpGe.o                   50
    DblCmpLe.o                   50
    DblDiv.o                    194
    DblMul.o                    388
    DblToFlt.o                   98
    DblToI32.o                   82
    FltToDbl.o                   50
    FltToS32.o                   58
    I32ToDbl.o                   52
    I32ToFlt.o                   50
    xdnorm.o                     68
    xdscale.o                   284
    -------------------------------------------------
    Total:                    1 860

rt6M_tl.a: [5]
    ABImemcpy.o                  92
    ABImemset.o                  52
    I32DivModFast.o             224
    I64DivMod.o                 106
    I64DivZer.o                   2
    IntDivZer.o                   2
    cexit.o                      10
    cmain.o                      26
    cstartup_M.o                 12
    data_init.o                  40
    memchr.o                     24
    memcmp.o                     40
    packbits_init.o             216
    strchr.o                     20
    strlen.o                     16
    zero_init3.o                 42
    -------------------------------------------------
    Total:                      924

shb_l.a: [6]
    exit.o                       20
    -------------------------------------------------
    Total:                       20

    Linker created                        44    1 536
-----------------------------------------------------
    Grand Total:             21 166      439    2 353


*******************************************************************************
*** ENTRY LIST
***

Entry                      Address   Size  Type      Object
-----                      -------   ----  ----      ------
.iar.init_table$$Base   0x080052c8          --   Gb  - Linker created -
.iar.init_table$$Limit  0x080052f4          --   Gb  - Linker created -
?main                   0x080052f5         Code  Gb  cmain.o [5]
AHBPrescTable           0x08005388   0x10  Data  Gb  system_stm32f0xx.o [1]
APBPrescTable           0x080053f4    0x8  Data  Gb  system_stm32f0xx.o [1]
CSTACK$$Base            0x20000338          --   Gb  - Linker created -
CSTACK$$Limit           0x20000738          --   Gb  - Linker created -
ClearDataFromHost       0x08003a8d    0xe  Code  Gb  gate_protocol.o [1]
Delay_us                0x080032dd   0x16  Code  Gb  nrf905_driver.o [1]
EXTI0_1_IRQHandler      0x080051f1    0xa  Code  Gb  stm32f0xx_it.o [1]
EXTI4_15_IRQHandler     0x080051fb   0x12  Code  Gb  stm32f0xx_it.o [1]
Error_Handler           0x080032d1    0x2  Code  Gb  main.o [1]
GetButtonState          0x08003819   0x10  Code  Gb  ext_irq.o [1]
GetDataFromAir          0x08003935   0x24  Code  Gb  rf_protocol.o [1]
GetDoorSensorState      0x08003809   0x10  Code  Gb  ext_irq.o [1]
GetTimer                0x080037fd    0x6  Code  Gb  timer.o [1]
HAL_COMP_GetOutputLevel
                        0x0800379d   0x30  Code  Gb  stm32f0xx_hal_comp.o [1]
HAL_COMP_Init           0x08003649   0xa4  Code  Gb  stm32f0xx_hal_comp.o [1]
HAL_COMP_MspInit        0x08002625   0x88  Code  Gb  stm32f0xx_hal_msp.o [1]
HAL_COMP_Start          0x080036ed   0x60  Code  Gb  stm32f0xx_hal_comp.o [1]
HAL_COMP_Stop           0x0800374d   0x46  Code  Gb  stm32f0xx_hal_comp.o [1]
HAL_GPIO_EXTI_Callback  0x08002be1    0x2  Code  Wk  stm32f0xx_hal_gpio.o [1]
HAL_GPIO_EXTI_IRQHandler
                        0x08002b97   0x20  Code  Gb  stm32f0xx_hal_gpio.o [1]
HAL_GPIO_Init           0x080029a5  0x1de  Code  Gb  stm32f0xx_hal_gpio.o [1]
HAL_GPIO_WritePin       0x08002b83   0x14  Code  Gb  stm32f0xx_hal_gpio.o [1]
HAL_GetTick             0x080025d9    0x6  Code  Wk  stm32f0xx_hal.o [1]
HAL_IncTick             0x080025cd    0xc  Code  Wk  stm32f0xx_hal.o [1]
HAL_Init                0x0800258d   0x1c  Code  Gb  stm32f0xx_hal.o [1]
HAL_InitTick            0x080025a9   0x24  Code  Wk  stm32f0xx_hal.o [1]
HAL_MspInit             0x080025e9   0x3c  Code  Gb  stm32f0xx_hal_msp.o [1]
HAL_NVIC_EnableIRQ      0x0800293f    0xe  Code  Gb  stm32f0xx_hal_cortex.o [1]
HAL_NVIC_SetPriority    0x0800292b   0x14  Code  Gb  stm32f0xx_hal_cortex.o [1]
HAL_PWR_EnterSTOPMode   0x08003601   0x3e  Code  Gb  stm32f0xx_hal_pwr.o [1]
HAL_RCCEx_PeriphCLKConfig
                        0x08003aa5  0x138  Code  Gb  stm32f0xx_hal_rcc_ex.o [1]
HAL_RCC_ClockConfig     0x08002349  0x15e  Code  Gb  stm32f0xx_hal_rcc.o [1]
HAL_RCC_GetHCLKFreq     0x0800253d    0x6  Code  Gb  stm32f0xx_hal_rcc.o [1]
HAL_RCC_GetPCLK1Freq    0x08002543   0x18  Code  Gb  stm32f0xx_hal_rcc.o [1]
HAL_RCC_GetSysClockFreq
                        0x080024bd   0x80  Code  Gb  stm32f0xx_hal_rcc.o [1]
HAL_RCC_OscConfig       0x08001e81  0x4aa  Code  Gb  stm32f0xx_hal_rcc.o [1]
HAL_RTC_AlarmAEventCallback
                        0x080040cd    0x2  Code  Wk  stm32f0xx_hal_rtc.o [1]
HAL_RTC_AlarmIRQHandler
                        0x08004091   0x38  Code  Gb  stm32f0xx_hal_rtc.o [1]
HAL_RTC_Init            0x08003bfd   0xca  Code  Gb  stm32f0xx_hal_rtc.o [1]
HAL_RTC_MspInit         0x080026ad   0x2c  Code  Gb  stm32f0xx_hal_msp.o [1]
HAL_RTC_SetAlarm_IT     0x08003ef5  0x196  Code  Gb  stm32f0xx_hal_rtc.o [1]
HAL_RTC_SetDate         0x08003de5  0x102  Code  Gb  stm32f0xx_hal_rtc.o [1]
HAL_RTC_SetTime         0x08003cc7  0x11a  Code  Gb  stm32f0xx_hal_rtc.o [1]
HAL_RTC_WaitForSynchro  0x080040cf   0x34  Code  Gb  stm32f0xx_hal_rtc.o [1]
HAL_SPI_Init            0x08004185   0xda  Code  Gb  stm32f0xx_hal_spi.o [1]
HAL_SPI_MspInit         0x080026d9   0x70  Code  Gb  stm32f0xx_hal_msp.o [1]
HAL_SPI_TransmitReceive
                        0x08004269  0x2c8  Code  Gb  stm32f0xx_hal_spi.o [1]
HAL_SYSTICK_Config      0x0800294d    0xc  Code  Gb  stm32f0xx_hal_cortex.o [1]
HAL_TIMEx_MasterConfigSynchronization
                        0x08004b51   0x5c  Code  Gb  stm32f0xx_hal_tim_ex.o [1]
HAL_TIM_MspPostInit     0x0800276d   0x52  Code  Gb  stm32f0xx_hal_msp.o [1]
HAL_TIM_PWM_ConfigChannel
                        0x0800473b  0x104  Code  Gb  stm32f0xx_hal_tim.o [1]
HAL_TIM_PWM_Init        0x08004701   0x3a  Code  Gb  stm32f0xx_hal_tim.o [1]
HAL_TIM_PWM_MspInit     0x08002749   0x24  Code  Gb  stm32f0xx_hal_msp.o [1]
HAL_UART_Init           0x08004bad   0x7e  Code  Gb  stm32f0xx_hal_uart.o [1]
HAL_UART_MspInit        0x080027c5   0x6e  Code  Gb  stm32f0xx_hal_msp.o [1]
HEAP$$Base              0x20000738          --   Gb  - Linker created -
HEAP$$Limit             0x20000938          --   Gb  - Linker created -
HostCommandParcer       0x08003961  0x12c  Code  Gb  host_protocol.o [1]
InStream_Read           0x08005041   0x22  Code  Lc  packbits_init.o [5]
LoadInt                 0x0800071b   0x68  Code  Lc  xprintffull.o [3]
MX_COMP1_Init           0x08002e5d   0x48  Code  Lc  main.o [1]
MX_COMP2_Init           0x08002ea5   0x48  Code  Lc  main.o [1]
MX_GPIO_Init            0x08003179  0x128  Code  Lc  main.o [1]
MX_RTC_Init             0x08002f05   0xf8  Code  Lc  main.o [1]
MX_SPI1_Init            0x08003019   0x6c  Code  Lc  main.o [1]
MX_TIM3_Init            0x08003089   0x8c  Code  Lc  main.o [1]
MX_USART1_UART_Init     0x08003115   0x50  Code  Lc  main.o [1]
NVIC_EnableIRQ          0x08002861    0xe  Code  Lc  stm32f0xx_hal_cortex.o [1]
NVIC_SetPriority        0x0800286f   0x8a  Code  Lc  stm32f0xx_hal_cortex.o [1]
Nrf905Init              0x08003479  0x12a  Code  Gb  nrf905_driver.o [1]
Nrf905RegCom            0x080032f3   0x56  Code  Gb  nrf905_driver.o [1]
PowerDownMode           0x08003349   0x12  Code  Gb  nrf905_driver.o [1]
PowerUpMode             0x0800335b   0x18  Code  Gb  nrf905_driver.o [1]
RTC_Bcd2ToByte          0x08004169   0x1c  Code  Gb  stm32f0xx_hal_rtc.o [1]
RTC_ByteToBcd2          0x08004151   0x18  Code  Gb  stm32f0xx_hal_rtc.o [1]
RTC_EnterInitMode       0x08004103   0x38  Code  Gb  stm32f0xx_hal_rtc.o [1]
RTC_IRQHandler          0x080051d9   0x10  Code  Gb  stm32f0xx_it.o [1]
ReceiveMode             0x08003399   0x26  Code  Gb  nrf905_driver.o [1]
Region$$Table$$Base     0x080052c8          --   Gb  - Linker created -
Region$$Table$$Limit    0x080052f4          --   Gb  - Linker created -
SPI_EndRxTxTransaction  0x08004695   0x6c  Code  Lc  stm32f0xx_hal_spi.o [1]
SPI_WaitFifoStateUntilTimeout
                        0x080045d9   0xb6  Code  Lc  stm32f0xx_hal_spi.o [1]
SPI_WaitFlagStateUntilTimeout
                        0x08004535   0xa4  Code  Lc  stm32f0xx_hal_spi.o [1]
SetTimer                0x080037e1    0x6  Code  Gb  timer.o [1]
SysTick_Config          0x080028f9   0x32  Code  Lc  stm32f0xx_hal_cortex.o [1]
SysTick_Handler         0x080051cd    0xc  Code  Gb  stm32f0xx_it.o [1]
SystemClock_Config      0x08002dd3   0x8a  Code  Gb  main.o [1]
SystemCoreClock         0x2000013c    0x4  Data  Gb  system_stm32f0xx.o [1]
SystemInit              0x08005139   0x68  Code  Gb  system_stm32f0xx.o [1]
TIM_Base_SetConfig      0x08004845   0x94  Code  Gb  stm32f0xx_hal_tim.o [1]
TIM_OC1_SetConfig       0x080048d9   0x96  Code  Lc  stm32f0xx_hal_tim.o [1]
TIM_OC2_SetConfig       0x0800496f   0x92  Code  Gb  stm32f0xx_hal_tim.o [1]
TIM_OC3_SetConfig       0x08004a01   0x92  Code  Lc  stm32f0xx_hal_tim.o [1]
TIM_OC4_SetConfig       0x08004aad   0x70  Code  Lc  stm32f0xx_hal_tim.o [1]
Timer                   0x080037e7   0x16  Code  Gb  timer.o [1]
TransmitMode            0x08003373   0x26  Code  Gb  nrf905_driver.o [1]
TransmitMultiPacket     0x080033bf   0xae  Code  Gb  nrf905_driver.o [1]
UART_AdvFeatureConfig   0x08004df7   0xde  Code  Gb  stm32f0xx_hal_uart.o [1]
UART_CheckIdleState     0x08004ee9   0x72  Code  Gb  stm32f0xx_hal_uart.o [1]
UART_SetConfig          0x08004c31  0x1c6  Code  Gb  stm32f0xx_hal_uart.o [1]
UART_WaitOnFlagUntilTimeout
                        0x08004f65   0x6a  Code  Gb  stm32f0xx_hal_uart.o [1]
_EncodingSb_Mbtowc      0x08001e11   0x2c  Code  Gb  xencoding_sb.o [3]
_EncodingSb_Wctomb      0x08001dfd   0x14  Code  Gb  xencoding_sb.o [3]
_GenldFull              0x08001081  0x2d4  Code  Lc  xprintffull.o [3]
_IsdstStr               0x2000008c    0x4  Data  Gb  setlocale.o [3]
_LdtobFull              0x08000bed  0x480  Code  Lc  xprintffull.o [3]
_LitobFull              0x08000ab9  0x12e  Code  Lc  xprintffull.o [3]
_LocaleEncoding         0x08001de9    0xc  Code  Gb  setlocale.o [3]
_LocaleReturnString     0x200000ac   0x50  Data  Lc  setlocale.o [3]
_Locale_Profile         0x20000090   0x1c  Data  Gb  setlocale.o [3]
_Locale_aeabi_lconv     0x20000050   0x38  Data  Gb  localeconv.o [3]
_Locale_lconv           0x20000000   0x50  Data  Gb  localeconv.o [3]
_Mbtowc                 0x08001387   0x1c  Code  Gb  xmbtowc.o [3]
_PrintfFull             0x080000bd  0x65e  Code  Gb  xprintffull.o [3]
_PutcharsFull           0x08001357   0x30  Code  Lc  xprintffull.o [3]
_PutstrFull             0x08000785  0x334  Code  Lc  xprintffull.o [3]
_SProut                 0x08001847    0xa  Code  Gb  xsprout.o [3]
_TzoneStr               0x20000088    0x4  Data  Gb  setlocale.o [3]
_Wctomb                 0x080014a1   0x18  Code  Gb  xwctomb.o [3]
__ICFEDIT_region_RAM_end__ {Abs}
                        0x20001fff          --   Gb  command line/config [2]
__ICFEDIT_region_RAM_start__ {Abs}
                        0x20000000          --   Gb  command line/config [2]
__aeabi_cdcmple         0x0800164b         Code  Gb  DblCmpLe.o [4]
__aeabi_cdrcmple        0x0800167d         Code  Gb  DblCmpGe.o [4]
__aeabi_d2f             0x08003897         Code  Gb  DblToFlt.o [4]
__aeabi_d2iz            0x080017f5         Code  Gb  DblToI32.o [4]
__aeabi_d2uiz           0x08001819         Code  Gb  DblToI32.o [4]
__aeabi_dadd            0x08001885         Code  Gb  DblAddSub.o [4]
__aeabi_ddiv            0x08001c9d         Code  Gb  DblDiv.o [4]
__aeabi_dmul            0x08001b19         Code  Gb  DblMul.o [4]
__aeabi_dsub            0x0800194b         Code  Gb  DblAddSub.o [4]
__aeabi_f2d             0x08003865         Code  Gb  FltToDbl.o [4]
__aeabi_f2iz            0x080038f9         Code  Gb  FltToS32.o [4]
__aeabi_i2d             0x08001851         Code  Gb  I32ToDbl.o [4]
__aeabi_i2f             0x08003831         Code  Gb  I32ToFlt.o [4]
__aeabi_idiv            0x08001a65         Code  Gb  I32DivModFast.o [5]
__aeabi_idiv0           0x08001e7d         Code  Gb  IntDivZer.o [5]
__aeabi_idivmod         0x08001a65         Code  Gb  I32DivModFast.o [5]
__aeabi_ldiv0           0x08001e79         Code  Gb  I64DivZer.o [5]
__aeabi_memclr4         0x080029a1         Code  Gb  ABImemset.o [5]
__aeabi_memclr8         0x080029a1         Code  Gb  ABImemset.o [5]
__aeabi_memcpy          0x080014b9         Code  Gb  ABImemcpy.o [5]
__aeabi_memcpy4         0x080014e1         Code  Wk  ABImemcpy.o [5]
__aeabi_ui2d            0x08001865         Code  Gb  I32ToDbl.o [4]
__aeabi_uidiv           0x08001a6b         Code  Gb  I32DivModFast.o [5]
__aeabi_uidivmod        0x08001a6b         Code  Gb  I32DivModFast.o [5]
__aeabi_uldivmod        0x0800159d         Code  Gb  I64DivMod.o [5]
__cmain                 0x080052f5         Code  Gb  cmain.o [5]
__data_Aldata           0x2000030c    0x8  Data  Gb  xxmemxmalloc.o [3]
__data_GetMemChunk      0x08001e4d   0x2c  Code  Gb  xgetmemchunk.o [3]
__exit                  0x08005125   0x14  Code  Gb  exit.o [6]
__iar_Dnorm             0x08001607   0x44  Code  Gb  xdnorm.o [4]
__iar_Dscale            0x080016d9  0x11c  Code  Gb  xdscale.o [4]
__iar_Locale_lconv_init
                        0x08001d61   0x32  Code  Gb  localeconv.o [3]
__iar_Mbcurmax          0x080013df    0xa  Code  Gb  xmbcurmax.o [3]
__iar_Memchr            0x080013c7   0x18  Code  Gb  memchr.o [5]
__iar_Memset4_word      0x08002971         Code  Gb  ABImemset.o [5]
__iar_Strchr            0x080013a3   0x14  Code  Gb  strchr.o [5]
__iar_d2uiz             0x0800181d         Code  Gb  DblToI32.o [4]
__iar_data_init3        0x08005235   0x28  Code  Gb  data_init.o [5]
__iar_dlib_perthread_access
                        0x08001e7f    0x2  Code  Gb  xtls.o [3]
__iar_packbits_init3    0x08005063   0xb6  Code  Gb  packbits_init.o [5]
__iar_program_start     0x080053a9         Code  Gb  cstartup_M.o [5]
__iar_ui2d              0x08001869         Code  Gb  I32ToDbl.o [4]
__iar_ui2f              0x08003849         Code  Gb  I32ToFlt.o [4]
__iar_zero_init3        0x080016af   0x2a  Code  Gb  zero_init3.o [5]
__low_level_init        0x0800530f    0x4  Code  Gb  low_level_init.o [3]
__vector_table          0x08000000         Data  Gb  startup_stm32f051x8.o [1]
_call_main              0x08005301         Code  Gb  cmain.o [5]
_exit                   0x0800531d         Code  Gb  cexit.o [5]
_main                   0x0800530b         Code  Gb  cmain.o [5]
abort                   0x08005119    0xa  Code  Gb  abort.o [3]
bstate                  0x20000329    0x1  Data  Lc  ext_irq.o [1]
cntRx                   0x20000318    0x4  Data  Gb  nrf905_driver.o [1]
cntTx                   0x20000314    0x4  Data  Gb  nrf905_driver.o [1]
data_ready              0x2000032b    0x1  Data  Gb  gate_protocol.o [1]
data_ready              0x20000330    0x1  Data  Lc  rf_protocol.o [1]
div                     0x08001dc9   0x20  Code  Gb  div.o [3]
exit                    0x08005313    0x8  Code  Gb  exit.o [3]
free                    0x08001515   0x82  Code  Gb  xxmemxfree.o [3]
hcomp1                  0x20000294   0x2c  Data  Gb  main.o [1]
hcomp2                  0x200002c0   0x2c  Data  Gb  main.o [1]
hrtc                    0x200002ec   0x20  Data  Gb  main.o [1]
hspi1                   0x200001b0   0x64  Data  Gb  main.o [1]
hstrings                0x200000fc   0x40  Data  Gb  host_protocol.o [1]
htim3                   0x20000214   0x40  Data  Gb  main.o [1]
huart1                  0x20000140   0x70  Data  Gb  main.o [1]
localeconv              0x08001d93   0x18  Code  Gb  localeconv.o [3]
main                    0x08002be5  0x1ee  Code  Gb  main.o [1]
malloc                  0x080013e9   0xb2  Code  Gb  xxmemxmalloc.o [3]
memcmp                  0x08005019   0x28  Code  Gb  memcmp.o [5]
memcpy                  0x0800500d    0xc  Code  Gb  memcpy.o [3]
point                   0x2000032a    0x1  Data  Lc  gate_protocol.o [1]
rxAddr                  0x080053ec    0x8  Data  Gb  nrf905_driver.o [1]
rx_buff                 0x20000254   0x40  Data  Lc  rf_protocol.o [1]
rx_data                 0x2000032e    0x1  Data  Lc  nrf905_driver.o [1]
sTxStatus               0x080032d5    0x8  Code  Gb  nrf905_driver.o [1]
sprintf                 0x080035c9   0x38  Code  Gb  sprintf.o [3]
state                   0x20000328    0x1  Data  Lc  ext_irq.o [1]
strlen                  0x080013b7   0x10  Code  Gb  strlen.o [5]
time                    0x20000320    0x4  Data  Lc  timer.o [1]
timeout_flag            0x2000032c    0x1  Data  Gb  main.o [1]
txAddr                  0x080053e4    0x8  Data  Gb  nrf905_driver.o [1]
tx_data                 0x2000032d    0x1  Data  Lc  nrf905_driver.o [1]
tx_status               0x2000032f    0x1  Data  Lc  nrf905_driver.o [1]
uwTick                  0x2000031c    0x4  Data  Gb  stm32f0xx_hal.o [1]


[1] = H:\NRF905-CortexM0\EWARM\CortexM0+NrF905\Obj
[2] = command line
[3] = dl6M_tlf.a
[4] = m6M_tl.a
[5] = rt6M_tl.a
[6] = shb_l.a

  21 166 bytes of readonly  code memory
     439 bytes of readonly  data memory
   2 353 bytes of readwrite data memory

Errors: none
Warnings: none
